0 9 comment
9 10 plain_text
10 15 keyword
15 16 plain_text
16 19 function
19 20 plain_text
20 21 operator
21 22 plain_text
22 23 punctuation
23 26 plain_text
26 32 function
32 33 punctuation
33 38 function
38 39 punctuation
39 40 plain_text
40 41 punctuation
41 46 plain_text
46 52 keyword
52 53 plain_text
53 58 function
58 59 plain_text
59 60 operator
60 61 plain_text
61 62 number
62 63 punctuation
63 66 plain_text
66 68 punctuation
68 69 plain_text
69 71 punctuation
71 72 plain_text
