0 8 comment
8 9 plain_text
9 14 keyword
14 15 plain_text
15 23 keyword
23 24 plain_text
24 27 function
27 28 punctuation
28 29 variable
29 30 punctuation
30 31 plain_text
31 32 variable
32 33 punctuation
33 36 plain_text
36 42 keyword
42 43 plain_text
43 44 variable
44 45 plain_text
45 46 operator
46 47 plain_text
47 48 variable
48 49 plain_text
49 52 keyword
52 53 plain_text
